
KARSHIL@DESKTOP-1QBK1MH MINGW64 ~/Desktop/DatastructurePrograms
$ git clone https://github.com/karshil2309/DataStructure.git
Cloning into 'DataStructure'...
remote: Enumerating objects: 9, done.
remote: Total 9 (delta 0), reused 0 (delta 0), pack-reused 9
Unpacking objects: 100% (9/9), done.

KARSHIL@DESKTOP-1QBK1MH MINGW64 ~/Desktop/DatastructurePrograms
$ cd DataStructure

KARSHIL@DESKTOP-1QBK1MH MINGW64 ~/Desktop/DatastructurePrograms/DataStructure (master)
$ git add.
git: 'add.' is not a git command. See 'git --help'.

The most similar command is
        add

KARSHIL@DESKTOP-1QBK1MH MINGW64 ~/Desktop/DatastructurePrograms/DataStructure (master)
$ git add .

KARSHIL@DESKTOP-1QBK1MH MINGW64 ~/Desktop/DatastructurePrograms/DataStructure (master)
$ cd . .
bash: cd: too many arguments

KARSHIL@DESKTOP-1QBK1MH MINGW64 ~/Desktop/DatastructurePrograms/DataStructure (master)
$ cd ..

KARSHIL@DESKTOP-1QBK1MH MINGW64 ~/Desktop/DatastructurePrograms
$ git add .
fatal: not a git repository (or any of the parent directories): .git

KARSHIL@DESKTOP-1QBK1MH MINGW64 ~/Desktop/DatastructurePrograms
$ cd DataStructure

KARSHIL@DESKTOP-1QBK1MH MINGW64 ~/Desktop/DatastructurePrograms/DataStructure (master)
$ git add .

KARSHIL@DESKTOP-1QBK1MH MINGW64 ~/Desktop/DatastructurePrograms/DataStructure (master)
$ git commit -m "Added Some of the programs Made in C"
[master 62b8fbd] Added Some of the programs Made in C
 7 files changed, 1470 insertions(+)
 create mode 100644 BubbleSort.c
 create mode 100644 DATASTRU.C
 create mode 100644 MergeSort.c
 create mode 100644 QUE.C
 create mode 100644 QUICKSORT.C
 create mode 100644 STACKIMP.C
 create mode 100644 STACKUSINGlINKEDLIST.C

KARSHIL@DESKTOP-1QBK1MH MINGW64 ~/Desktop/DatastructurePrograms/DataStructure (master)
$ git push origin DataStructure
error: src refspec DataStructure does not match any.
error: failed to push some refs to 'https://github.com/karshil2309/DataStructure.git'

KARSHIL@DESKTOP-1QBK1MH MINGW64 ~/Desktop/DatastructurePrograms/DataStructure (master)
$ git push origin https://github.com/karshil2309/DataStructure.git
fatal: invalid refspec 'https://github.com/karshil2309/DataStructure.git'

KARSHIL@DESKTOP-1QBK1MH MINGW64 ~/Desktop/DatastructurePrograms/DataStructure (master)
$ git push origin
Enumerating objects: 10, done.
Counting objects: 100% (10/10), done.
Delta compression using up to 4 threads
Compressing objects: 100% (9/9), done.
Writing objects: 100% (9/9), 6.48 KiB | 948.00 KiB/s, done.
Total 9 (delta 1), reused 0 (delta 0)
remote: Resolving deltas: 100% (1/1), done.
To https://github.com/karshil2309/DataStructure.git
   09965c3..62b8fbd  master -> master

KARSHIL@DESKTOP-1QBK1MH MINGW64 ~/Desktop/DatastructurePrograms/DataStructure (master)
$
